Archive member included to satisfy reference by file (symbol)

c:/st/stm32cubeide_1.7.0/stm32cubeide/plugins/com.st.stm32cube.ide.mcu.externaltools.gnu-tools-for-stm32.9-2020-q2-update.win32_2.0.0.202105311346/tools/bin/../lib/gcc/arm-none-eabi/9.3.1/../../../../arm-none-eabi/lib/thumb/v7-m/nofp\libc_nano.a(lib_a-errno.o)
                              ./Core/Src/syscalls.o (__errno)
c:/st/stm32cubeide_1.7.0/stm32cubeide/plugins/com.st.stm32cube.ide.mcu.externaltools.gnu-tools-for-stm32.9-2020-q2-update.win32_2.0.0.202105311346/tools/bin/../lib/gcc/arm-none-eabi/9.3.1/../../../../arm-none-eabi/lib/thumb/v7-m/nofp\libc_nano.a(lib_a-exit.o)
                              c:/st/stm32cubeide_1.7.0/stm32cubeide/plugins/com.st.stm32cube.ide.mcu.externaltools.gnu-tools-for-stm32.9-2020-q2-update.win32_2.0.0.202105311346/tools/bin/../lib/gcc/arm-none-eabi/9.3.1/../../../../arm-none-eabi/lib/thumb/v7-m/nofp/crt0.o (exit)
c:/st/stm32cubeide_1.7.0/stm32cubeide/plugins/com.st.stm32cube.ide.mcu.externaltools.gnu-tools-for-stm32.9-2020-q2-update.win32_2.0.0.202105311346/tools/bin/../lib/gcc/arm-none-eabi/9.3.1/../../../../arm-none-eabi/lib/thumb/v7-m/nofp\libc_nano.a(lib_a-impure.o)
                              c:/st/stm32cubeide_1.7.0/stm32cubeide/plugins/com.st.stm32cube.ide.mcu.externaltools.gnu-tools-for-stm32.9-2020-q2-update.win32_2.0.0.202105311346/tools/bin/../lib/gcc/arm-none-eabi/9.3.1/../../../../arm-none-eabi/lib/thumb/v7-m/nofp\libc_nano.a(lib_a-exit.o) (_global_impure_ptr)
c:/st/stm32cubeide_1.7.0/stm32cubeide/plugins/com.st.stm32cube.ide.mcu.externaltools.gnu-tools-for-stm32.9-2020-q2-update.win32_2.0.0.202105311346/tools/bin/../lib/gcc/arm-none-eabi/9.3.1/../../../../arm-none-eabi/lib/thumb/v7-m/nofp\libc_nano.a(lib_a-init.o)
                              c:/st/stm32cubeide_1.7.0/stm32cubeide/plugins/com.st.stm32cube.ide.mcu.externaltools.gnu-tools-for-stm32.9-2020-q2-update.win32_2.0.0.202105311346/tools/bin/../lib/gcc/arm-none-eabi/9.3.1/../../../../arm-none-eabi/lib/thumb/v7-m/nofp/crt0.o (__libc_init_array)
c:/st/stm32cubeide_1.7.0/stm32cubeide/plugins/com.st.stm32cube.ide.mcu.externaltools.gnu-tools-for-stm32.9-2020-q2-update.win32_2.0.0.202105311346/tools/bin/../lib/gcc/arm-none-eabi/9.3.1/../../../../arm-none-eabi/lib/thumb/v7-m/nofp\libc_nano.a(lib_a-memset.o)
                              c:/st/stm32cubeide_1.7.0/stm32cubeide/plugins/com.st.stm32cube.ide.mcu.externaltools.gnu-tools-for-stm32.9-2020-q2-update.win32_2.0.0.202105311346/tools/bin/../lib/gcc/arm-none-eabi/9.3.1/../../../../arm-none-eabi/lib/thumb/v7-m/nofp/crt0.o (memset)

Allocating common symbols
Common symbol       size              file

uwTick              0x4               ./Drivers/STM32F1xx_HAL_Driver/Src/stm32f1xx_hal.o
pFlash              0x20              ./Drivers/STM32F1xx_HAL_Driver/Src/stm32f1xx_hal_flash.o
htim2               0x48              ./Core/Src/main.o

Discarded input sections

 .text          0x0000000000000000        0x0 c:/st/stm32cubeide_1.7.0/stm32cubeide/plugins/com.st.stm32cube.ide.mcu.externaltools.gnu-tools-for-stm32.9-2020-q2-update.win32_2.0.0.202105311346/tools/bin/../lib/gcc/arm-none-eabi/9.3.1/thumb/v7-m/nofp/crti.o
 .data          0x0000000000000000        0x0 c:/st/stm32cubeide_1.7.0/stm32cubeide/plugins/com.st.stm32cube.ide.mcu.externaltools.gnu-tools-for-stm32.9-2020-q2-update.win32_2.0.0.202105311346/tools/bin/../lib/gcc/arm-none-eabi/9.3.1/thumb/v7-m/nofp/crti.o
 .bss           0x0000000000000000        0x0 c:/st/stm32cubeide_1.7.0/stm32cubeide/plugins/com.st.stm32cube.ide.mcu.externaltools.gnu-tools-for-stm32.9-2020-q2-update.win32_2.0.0.202105311346/tools/bin/../lib/gcc/arm-none-eabi/9.3.1/thumb/v7-m/nofp/crti.o
 .data          0x0000000000000000        0x4 c:/st/stm32cubeide_1.7.0/stm32cubeide/plugins/com.st.stm32cube.ide.mcu.externaltools.gnu-tools-for-stm32.9-2020-q2-update.win32_2.0.0.202105311346/tools/bin/../lib/gcc/arm-none-eabi/9.3.1/thumb/v7-m/nofp/crtbegin.o
 .text          0x0000000000000000       0x7c c:/st/stm32cubeide_1.7.0/stm32cubeide/plugins/com.st.stm32cube.ide.mcu.externaltools.gnu-tools-for-stm32.9-2020-q2-update.win32_2.0.0.202105311346/tools/bin/../lib/gcc/arm-none-eabi/9.3.1/../../../../arm-none-eabi/lib/thumb/v7-m/nofp/crt0.o
 .data          0x0000000000000000        0x0 c:/st/stm32cubeide_1.7.0/stm32cubeide/plugins/com.st.stm32cube.ide.mcu.externaltools.gnu-tools-for-stm32.9-2020-q2-update.win32_2.0.0.202105311346/tools/bin/../lib/gcc/arm-none-eabi/9.3.1/../../../../arm-none-eabi/lib/thumb/v7-m/nofp/crt0.o
 .bss           0x0000000000000000        0x0 c:/st/stm32cubeide_1.7.0/stm32cubeide/plugins/com.st.stm32cube.ide.mcu.externaltools.gnu-tools-for-stm32.9-2020-q2-update.win32_2.0.0.202105311346/tools/bin/../lib/gcc/arm-none-eabi/9.3.1/../../../../arm-none-eabi/lib/thumb/v7-m/nofp/crt0.o
[...]
Memory Configuration

Name             Origin             Length             Attributes
RAM              0x0000000020000000 0x0000000000002800 xrw
FLASH            0x0000000008000000 0x0000000000008000 xr
*default*        0x0000000000000000 0xffffffffffffffff

Linker script and memory map

LOAD c:/st/stm32cubeide_1.7.0/stm32cubeide/plugins/com.st.stm32cube.ide.mcu.externaltools.gnu-tools-for-stm32.9-2020-q2-update.win32_2.0.0.202105311346/tools/bin/../lib/gcc/arm-none-eabi/9.3.1/thumb/v7-m/nofp/crti.o
LOAD c:/st/stm32cubeide_1.7.0/stm32cubeide/plugins/com.st.stm32cube.ide.mcu.externaltools.gnu-tools-for-stm32.9-2020-q2-update.win32_2.0.0.202105311346/tools/bin/../lib/gcc/arm-none-eabi/9.3.1/thumb/v7-m/nofp/crtbegin.o
LOAD c:/st/stm32cubeide_1.7.0/stm32cubeide/plugins/com.st.stm32cube.ide.mcu.externaltools.gnu-tools-for-stm32.9-2020-q2-update.win32_2.0.0.202105311346/tools/bin/../lib/gcc/arm-none-eabi/9.3.1/../../../../arm-none-eabi/lib/thumb/v7-m/nofp/crt0.o
LOAD ./Core/Src/blinky_led.o
LOAD ./Core/Src/button.o
LOAD ./Core/Src/display7seg.o
LOAD ./Core/Src/fsm_step1.o
LOAD ./Core/Src/fsm_step2.o
LOAD ./Core/Src/global.o
LOAD ./Core/Src/main.o
LOAD ./Core/Src/software_timer.o
LOAD ./Core/Src/stm32f1xx_hal_msp.o
LOAD ./Core/Src/stm32f1xx_it.o
LOAD ./Core/Src/syscalls.o
LOAD ./Core/Src/sysmem.o
LOAD ./Core/Src/system_stm32f1xx.o
LOAD ./Core/Startup/startup_stm32f103c6ux.o
LOAD ./Drivers/STM32F1xx_HAL_Driver/Src/stm32f1xx_hal.o
LOAD ./Drivers/STM32F1xx_HAL_Driver/Src/stm32f1xx_hal_cortex.o
LOAD ./Drivers/STM32F1xx_HAL_Driver/Src/stm32f1xx_hal_dma.o
LOAD ./Drivers/STM32F1xx_HAL_Driver/Src/stm32f1xx_hal_exti.o
LOAD ./Drivers/STM32F1xx_HAL_Driver/Src/stm32f1xx_hal_flash.o
LOAD ./Drivers/STM32F1xx_HAL_Driver/Src/stm32f1xx_hal_flash_ex.o
LOAD ./Drivers/STM32F1xx_HAL_Driver/Src/stm32f1xx_hal_gpio.o
LOAD ./Drivers/STM32F1xx_HAL_Driver/Src/stm32f1xx_hal_gpio_ex.o
LOAD ./Drivers/STM32F1xx_HAL_Driver/Src/stm32f1xx_hal_pwr.o
LOAD ./Drivers/STM32F1xx_HAL_Driver/Src/stm32f1xx_hal_rcc.o
LOAD ./Drivers/STM32F1xx_HAL_Driver/Src/stm32f1xx_hal_rcc_ex.o
LOAD ./Drivers/STM32F1xx_HAL_Driver/Src/stm32f1xx_hal_tim.o
LOAD ./Drivers/STM32F1xx_HAL_Driver/Src/stm32f1xx_hal_tim_ex.o
START GROUP
LOAD c:/st/stm32cubeide_1.7.0/stm32cubeide/plugins/com.st.stm32cube.ide.mcu.externaltools.gnu-tools-for-stm32.9-2020-q2-update.win32_2.0.0.202105311346/tools/bin/../lib/gcc/arm-none-eabi/9.3.1/../../../../arm-none-eabi/lib/thumb/v7-m/nofp\libc_nano.a
LOAD c:/st/stm32cubeide_1.7.0/stm32cubeide/plugins/com.st.stm32cube.ide.mcu.externaltools.gnu-tools-for-stm32.9-2020-q2-update.win32_2.0.0.202105311346/tools/bin/../lib/gcc/arm-none-eabi/9.3.1/../../../../arm-none-eabi/lib/thumb/v7-m/nofp\libm.a
END GROUP
START GROUP
LOAD c:/st/stm32cubeide_1.7.0/stm32cubeide/plugins/com.st.stm32cube.ide.mcu.externaltools.gnu-tools-for-stm32.9-2020-q2-update.win32_2.0.0.202105311346/tools/bin/../lib/gcc/arm-none-eabi/9.3.1/thumb/v7-m/nofp\libgcc.a
LOAD c:/st/stm32cubeide_1.7.0/stm32cubeide/plugins/com.st.stm32cube.ide.mcu.externaltools.gnu-tools-for-stm32.9-2020-q2-update.win32_2.0.0.202105311346/tools/bin/../lib/gcc/arm-none-eabi/9.3.1/../../../../arm-none-eabi/lib/thumb/v7-m/nofp\libc_nano.a
END GROUP
START GROUP
LOAD c:/st/stm32cubeide_1.7.0/stm32cubeide/plugins/com.st.stm32cube.ide.mcu.externaltools.gnu-tools-for-stm32.9-2020-q2-update.win32_2.0.0.202105311346/tools/bin/../lib/gcc/arm-none-eabi/9.3.1/thumb/v7-m/nofp\libgcc.a
LOAD c:/st/stm32cubeide_1.7.0/stm32cubeide/plugins/com.st.stm32cube.ide.mcu.externaltools.gnu-tools-for-stm32.9-2020-q2-update.win32_2.0.0.202105311346/tools/bin/../lib/gcc/arm-none-eabi/9.3.1/../../../../arm-none-eabi/lib/thumb/v7-m/nofp\libc_nano.a
LOAD c:/st/stm32cubeide_1.7.0/stm32cubeide/plugins/com.st.stm32cube.ide.mcu.externaltools.gnu-tools-for-stm32.9-2020-q2-update.win32_2.0.0.202105311346/tools/bin/../lib/gcc/arm-none-eabi/9.3.1/../../../../arm-none-eabi/lib/thumb/v7-m/nofp\libnosys.a
END GROUP
START GROUP
LOAD c:/st/stm32cubeide_1.7.0/stm32cubeide/plugins/com.st.stm32cube.ide.mcu.externaltools.gnu-tools-for-stm32.9-2020-q2-update.win32_2.0.0.202105311346/tools/bin/../lib/gcc/arm-none-eabi/9.3.1/thumb/v7-m/nofp\libgcc.a
LOAD c:/st/stm32cubeide_1.7.0/stm32cubeide/plugins/com.st.stm32cube.ide.mcu.externaltools.gnu-tools-for-stm32.9-2020-q2-update.win32_2.0.0.202105311346/tools/bin/../lib/gcc/arm-none-eabi/9.3.1/../../../../arm-none-eabi/lib/thumb/v7-m/nofp\libc_nano.a
LOAD c:/st/stm32cubeide_1.7.0/stm32cubeide/plugins/com.st.stm32cube.ide.mcu.externaltools.gnu-tools-for-stm32.9-2020-q2-update.win32_2.0.0.202105311346/tools/bin/../lib/gcc/arm-none-eabi/9.3.1/../../../../arm-none-eabi/lib/thumb/v7-m/nofp\libnosys.a
END GROUP
LOAD c:/st/stm32cubeide_1.7.0/stm32cubeide/plugins/com.st.stm32cube.ide.mcu.externaltools.gnu-tools-for-stm32.9-2020-q2-update.win32_2.0.0.202105311346/tools/bin/../lib/gcc/arm-none-eabi/9.3.1/thumb/v7-m/nofp/crtend.o
LOAD c:/st/stm32cubeide_1.7.0/stm32cubeide/plugins/com.st.stm32cube.ide.mcu.externaltools.gnu-tools-for-stm32.9-2020-q2-update.win32_2.0.0.202105311346/tools/bin/../lib/gcc/arm-none-eabi/9.3.1/thumb/v7-m/nofp/crtn.o
                0x0000000020002800                _estack = (ORIGIN (RAM) + LENGTH (RAM))
                0x0000000000000200                _Min_Heap_Size = 0x200
                0x0000000000000400                _Min_Stack_Size = 0x400

.isr_vector     0x0000000008000000      0x10c
                0x0000000008000000                . = ALIGN (0x4)
 *(.isr_vector)
 .isr_vector    0x0000000008000000      0x10c ./Core/Startup/startup_stm32f103c6ux.o
                0x0000000008000000                g_pfnVectors
                0x000000000800010c                . = ALIGN (0x4)

.text           0x000000000800010c     0x26d0
                0x000000000800010c                . = ALIGN (0x4)
 *(.text)
 .text          0x000000000800010c       0x40 c:/st/stm32cubeide_1.7.0/stm32cubeide/plugins/com.st.stm32cube.ide.mcu.externaltools.gnu-tools-for-stm32.9-2020-q2-update.win32_2.0.0.202105311346/tools/bin/../lib/gcc/arm-none-eabi/9.3.1/thumb/v7-m/nofp/crtbegin.o
 *(.text*)
 .text.blinky_led_run
                0x000000000800014c       0x6c ./Core/Src/blinky_led.o
                0x000000000800014c                blinky_led_run
 .text.isButtonResetPressedNormal
                0x00000000080001b8       0x24 ./Core/Src/button.o
                0x00000000080001b8                isButtonResetPressedNormal
 .text.subKeyResetProcessNormal
                0x00000000080001dc       0x18 ./Core/Src/button.o
                0x00000000080001dc                subKeyResetProcessNormal
 .text.getKeyResetInput
                0x00000000080001f4       0x9c ./Core/Src/button.o
                0x00000000080001f4                getKeyResetInput
 .text.isButtonIncPressedNormal
                0x0000000008000290       0x24 ./Core/Src/button.o
                0x0000000008000290                isButtonIncPressedNormal
 .text.subKeyIncProcessNormal
                0x00000000080002b4       0x18 ./Core/Src/button.o
                0x00000000080002b4                subKeyIncProcessNormal
 .text.isButtonIncPressedLong3
                0x00000000080002cc       0x24 ./Core/Src/button.o
                0x00000000080002cc                isButtonIncPressedLong3
 .text.subKeyIncProcesslong3
                0x00000000080002f0       0x18 ./Core/Src/button.o
                0x00000000080002f0                subKeyIncProcesslong3
 .text.isButtonIncPressedLong1
                0x0000000008000308       0x24 ./Core/Src/button.o
                0x0000000008000308                isButtonIncPressedLong1
 .text.subKeyIncProcessLong1
                0x000000000800032c       0x18 ./Core/Src/button.o
                0x000000000800032c                subKeyIncProcessLong1
 .text.getKeyIncInput
                0x0000000008000344       0xd8 ./Core/Src/button.o
                0x0000000008000344                getKeyIncInput
 .text.isButtonDecPressedNormal
                0x000000000800041c       0x24 ./Core/Src/button.o
                0x000000000800041c                isButtonDecPressedNormal
 .text.subKeyDecProcessNormal
                0x0000000008000440       0x18 ./Core/Src/button.o
                0x0000000008000440                subKeyDecProcessNormal
 .text.isButtonDecPressedLong3
                0x0000000008000458       0x24 ./Core/Src/button.o
                0x0000000008000458                isButtonDecPressedLong3
 .text.subKeyDecProcesslong3
                0x000000000800047c       0x18 ./Core/Src/button.o
                0x000000000800047c                subKeyDecProcesslong3
 .text.isButtonDecPressedLong1
                0x0000000008000494       0x24 ./Core/Src/button.o
                0x0000000008000494                isButtonDecPressedLong1
 .text.subKeyDecProcessLong1
                0x00000000080004b8       0x18 ./Core/Src/button.o
                0x00000000080004b8                subKeyDecProcessLong1
 .text.getKeyDecInput
                0x00000000080004d0       0xd8 ./Core/Src/button.o
                0x00000000080004d0                getKeyDecInput
 .text.display7SEG
                0x00000000080005a8      0x30c ./Core/Src/display7seg.o
                0x00000000080005a8                display7SEG
 .text.fsm_step1_run
                0x00000000080008b4      0x300 ./Core/Src/fsm_step1.o
                0x00000000080008b4                fsm_step1_run
 .text.fsm_step2_run
                0x0000000008000bb4      0x14c ./Core/Src/fsm_step2.o
                0x0000000008000bb4                fsm_step2_run
 .text.main     0x0000000008000d00       0x5c ./Core/Src/main.o
                0x0000000008000d00                main
 .text.SystemClock_Config
                0x0000000008000d5c       0x76 ./Core/Src/main.o
                0x0000000008000d5c                SystemClock_Config
 *fill*         0x0000000008000dd2        0x2 
 .text.MX_TIM2_Init
                0x0000000008000dd4       0x98 ./Core/Src/main.o
 .text.MX_GPIO_Init
                0x0000000008000e6c       0xdc ./Core/Src/main.o
 .text.HAL_TIM_PeriodElapsedCallback
                0x0000000008000f48       0x20 ./Core/Src/main.o
                0x0000000008000f48                HAL_TIM_PeriodElapsedCallback
 .text.Error_Handler
                0x0000000008000f68        0xa ./Core/Src/main.o
                0x0000000008000f68                Error_Handler
 *fill*         0x0000000008000f72        0x2 
 .text.setTimer1
                0x0000000008000f74       0x34 ./Core/Src/software_timer.o
                0x0000000008000f74                setTimer1
 .text.setTimer2
                0x0000000008000fa8       0x34 ./Core/Src/software_timer.o
                0x0000000008000fa8                setTimer2
 .text.timerRun
                0x0000000008000fdc       0x5c ./Core/Src/software_timer.o
                0x0000000008000fdc                timerRun
 .text.HAL_MspInit
                0x0000000008001038       0x64 ./Core/Src/stm32f1xx_hal_msp.o
                0x0000000008001038                HAL_MspInit
 .text.HAL_TIM_Base_MspInit
                0x000000000800109c       0x48 ./Core/Src/stm32f1xx_hal_msp.o
                0x000000000800109c                HAL_TIM_Base_MspInit
 .text.NMI_Handler
                0x00000000080010e4        0x6 ./Core/Src/stm32f1xx_it.o
                0x00000000080010e4                NMI_Handler
 .text.HardFault_Handler
                0x00000000080010ea        0x6 ./Core/Src/stm32f1xx_it.o
                0x00000000080010ea                HardFault_Handler
 .text.MemManage_Handler
                0x00000000080010f0        0x6 ./Core/Src/stm32f1xx_it.o
                0x00000000080010f0                MemManage_Handler
 .text.BusFault_Handler
                0x00000000080010f6        0x6 ./Core/Src/stm32f1xx_it.o
                0x00000000080010f6                BusFault_Handler
 .text.UsageFault_Handler
                0x00000000080010fc        0x6 ./Core/Src/stm32f1xx_it.o
                0x00000000080010fc                UsageFault_Handler
 .text.SVC_Handler
                0x0000000008001102        0xc ./Core/Src/stm32f1xx_it.o
                0x0000000008001102                SVC_Handler
 .text.DebugMon_Handler
                0x000000000800110e        0xc ./Core/Src/stm32f1xx_it.o
                0x000000000800110e                DebugMon_Handler
 .text.PendSV_Handler
                0x000000000800111a        0xc ./Core/Src/stm32f1xx_it.o
                0x000000000800111a                PendSV_Handler
 .text.SysTick_Handler
                0x0000000008001126        0xc ./Core/Src/stm32f1xx_it.o
                0x0000000008001126                SysTick_Handler
 *fill*         0x0000000008001132        0x2 
 .text.TIM2_IRQHandler
                0x0000000008001134       0x14 ./Core/Src/stm32f1xx_it.o
                0x0000000008001134                TIM2_IRQHandler
 .text.SystemInit
                0x0000000008001148        0xc ./Core/Src/system_stm32f1xx.o
                0x0000000008001148                SystemInit
 .text.Reset_Handler
                0x0000000008001154       0x48 ./Core/Startup/startup_stm32f103c6ux.o
                0x0000000008001154                Reset_Handler
 .text.Default_Handler
                0x000000000800119c        0x2 ./Core/Startup/startup_stm32f103c6ux.o
                0x000000000800119c                RTC_Alarm_IRQHandler
                0x000000000800119c                EXTI2_IRQHandler
                0x000000000800119c                TIM1_CC_IRQHandler
                0x000000000800119c                PVD_IRQHandler
                0x000000000800119c                EXTI3_IRQHandler
                0x000000000800119c                EXTI0_IRQHandler
                0x000000000800119c                ADC1_2_IRQHandler
                0x000000000800119c                SPI1_IRQHandler
                0x000000000800119c                TAMPER_IRQHandler
                0x000000000800119c                DMA1_Channel4_IRQHandler
                0x000000000800119c                RTC_IRQHandler
                0x000000000800119c                DMA1_Channel7_IRQHandler
                0x000000000800119c                CAN1_RX1_IRQHandler
                0x000000000800119c                I2C1_EV_IRQHandler
                0x000000000800119c                DMA1_Channel6_IRQHandler
                0x000000000800119c                TIM3_IRQHandler
                0x000000000800119c                RCC_IRQHandler
                0x000000000800119c                TIM1_TRG_COM_IRQHandler
                0x000000000800119c                DMA1_Channel1_IRQHandler
                0x000000000800119c                Default_Handler
                0x000000000800119c                EXTI15_10_IRQHandler
                0x000000000800119c                EXTI9_5_IRQHandler
                0x000000000800119c                DMA1_Channel5_IRQHandler
                0x000000000800119c                EXTI4_IRQHandler
                0x000000000800119c                USB_LP_CAN1_RX0_IRQHandler
                0x000000000800119c                USB_HP_CAN1_TX_IRQHandler
                0x000000000800119c                DMA1_Channel3_IRQHandler
                0x000000000800119c                TIM1_UP_IRQHandler
                0x000000000800119c                WWDG_IRQHandler
                0x000000000800119c                TIM1_BRK_IRQHandler
                0x000000000800119c                EXTI1_IRQHandler
                0x000000000800119c                USART2_IRQHandler
                0x000000000800119c                DMA1_Channel2_IRQHandler
                0x000000000800119c                CAN1_SCE_IRQHandler
                0x000000000800119c                FLASH_IRQHandler
                0x000000000800119c                USART1_IRQHandler
                0x000000000800119c                I2C1_ER_IRQHandler
                0x000000000800119c                USBWakeUp_IRQHandler
 *fill*         0x000000000800119e        0x2 
 .text.HAL_Init
                0x00000000080011a0       0x2c ./Drivers/STM32F1xx_HAL_Driver/Src/stm32f1xx_hal.o
                0x00000000080011a0                HAL_Init
 .text.HAL_InitTick
                0x00000000080011cc       0x60 ./Drivers/STM32F1xx_HAL_Driver/Src/stm32f1xx_hal.o
                0x00000000080011cc                HAL_InitTick
 .text.HAL_IncTick
                0x000000000800122c       0x24 ./Drivers/STM32F1xx_HAL_Driver/Src/stm32f1xx_hal.o
                0x000000000800122c                HAL_IncTick
 .text.HAL_GetTick
                0x0000000008001250       0x14 ./Drivers/STM32F1xx_HAL_Driver/Src/stm32f1xx_hal.o
                0x0000000008001250                HAL_GetTick
 .text.__NVIC_SetPriorityGrouping
                0x0000000008001264       0x48 ./Drivers/STM32F1xx_HAL_Driver/Src/stm32f1xx_hal_cortex.o
 .text.__NVIC_GetPriorityGrouping
                0x00000000080012ac       0x1c ./Drivers/STM32F1xx_HAL_Driver/Src/stm32f1xx_hal_cortex.o
 .text.__NVIC_EnableIRQ
                0x00000000080012c8       0x38 ./Drivers/STM32F1xx_HAL_Driver/Src/stm32f1xx_hal_cortex.o
 .text.__NVIC_SetPriority
                0x0000000008001300       0x54 ./Drivers/STM32F1xx_HAL_Driver/Src/stm32f1xx_hal_cortex.o
 .text.NVIC_EncodePriority
                0x0000000008001354       0x64 ./Drivers/STM32F1xx_HAL_Driver/Src/stm32f1xx_hal_cortex.o
 .text.SysTick_Config
                0x00000000080013b8       0x44 ./Drivers/STM32F1xx_HAL_Driver/Src/stm32f1xx_hal_cortex.o
 .text.HAL_NVIC_SetPriorityGrouping
                0x00000000080013fc       0x16 ./Drivers/STM32F1xx_HAL_Driver/Src/stm32f1xx_hal_cortex.o
                0x00000000080013fc                HAL_NVIC_SetPriorityGrouping
 .text.HAL_NVIC_SetPriority
                0x0000000008001412       0x38 ./Drivers/STM32F1xx_HAL_Driver/Src/stm32f1xx_hal_cortex.o
                0x0000000008001412                HAL_NVIC_SetPriority
 .text.HAL_NVIC_EnableIRQ
                0x000000000800144a       0x1c ./Drivers/STM32F1xx_HAL_Driver/Src/stm32f1xx_hal_cortex.o
                0x000000000800144a                HAL_NVIC_EnableIRQ
 .text.HAL_SYSTICK_Config
                0x0000000008001466       0x18 ./Drivers/STM32F1xx_HAL_Driver/Src/stm32f1xx_hal_cortex.o
                0x0000000008001466                HAL_SYSTICK_Config
 *fill*         0x000000000800147e        0x2 
 .text.HAL_GPIO_Init
                0x0000000008001480      0x2f4 ./Drivers/STM32F1xx_HAL_Driver/Src/stm32f1xx_hal_gpio.o
                0x0000000008001480                HAL_GPIO_Init
 .text.HAL_GPIO_ReadPin
                0x0000000008001774       0x2e ./Drivers/STM32F1xx_HAL_Driver/Src/stm32f1xx_hal_gpio.o
                0x0000000008001774                HAL_GPIO_ReadPin
 .text.HAL_GPIO_WritePin
                0x00000000080017a2       0x30 ./Drivers/STM32F1xx_HAL_Driver/Src/stm32f1xx_hal_gpio.o
                0x00000000080017a2                HAL_GPIO_WritePin
 *fill*         0x00000000080017d2        0x2 
 .text.HAL_RCC_OscConfig
                0x00000000080017d4      0x500 ./Drivers/STM32F1xx_HAL_Driver/Src/stm32f1xx_hal_rcc.o
                0x00000000080017d4                HAL_RCC_OscConfig
 .text.HAL_RCC_ClockConfig
                0x0000000008001cd4      0x1d4 ./Drivers/STM32F1xx_HAL_Driver/Src/stm32f1xx_hal_rcc.o
                0x0000000008001cd4                HAL_RCC_ClockConfig
 .text.HAL_RCC_GetSysClockFreq
                0x0000000008001ea8       0xc0 ./Drivers/STM32F1xx_HAL_Driver/Src/stm32f1xx_hal_rcc.o
                0x0000000008001ea8                HAL_RCC_GetSysClockFreq
 .text.RCC_Delay
                0x0000000008001f68       0x3c ./Drivers/STM32F1xx_HAL_Driver/Src/stm32f1xx_hal_rcc.o
 .text.HAL_TIM_Base_Init
                0x0000000008001fa4       0x9e ./Drivers/STM32F1xx_HAL_Driver/Src/stm32f1xx_hal_tim.o
                0x0000000008001fa4                HAL_TIM_Base_Init
 *fill*         0x0000000008002042        0x2 
 .text.HAL_TIM_Base_Start_IT
                0x0000000008002044       0x98 ./Drivers/STM32F1xx_HAL_Driver/Src/stm32f1xx_hal_tim.o
                0x0000000008002044                HAL_TIM_Base_Start_IT
 .text.HAL_TIM_IRQHandler
                0x00000000080020dc      0x210 ./Drivers/STM32F1xx_HAL_Driver/Src/stm32f1xx_hal_tim.o
                0x00000000080020dc                HAL_TIM_IRQHandler
 .text.HAL_TIM_ConfigClockSource
                0x00000000080022ec      0x188 ./Drivers/STM32F1xx_HAL_Driver/Src/stm32f1xx_hal_tim.o
                0x00000000080022ec                HAL_TIM_ConfigClockSource
 .text.HAL_TIM_OC_DelayElapsedCallback
                0x0000000008002474       0x12 ./Drivers/STM32F1xx_HAL_Driver/Src/stm32f1xx_hal_tim.o
                0x0000000008002474                HAL_TIM_OC_DelayElapsedCallback
 .text.HAL_TIM_IC_CaptureCallback
                0x0000000008002486       0x12 ./Drivers/STM32F1xx_HAL_Driver/Src/stm32f1xx_hal_tim.o
                0x0000000008002486                HAL_TIM_IC_CaptureCallback
 .text.HAL_TIM_PWM_PulseFinishedCallback
                0x0000000008002498       0x12 ./Drivers/STM32F1xx_HAL_Driver/Src/stm32f1xx_hal_tim.o
                0x0000000008002498                HAL_TIM_PWM_PulseFinishedCallback
 .text.HAL_TIM_TriggerCallback
                0x00000000080024aa       0x12 ./Drivers/STM32F1xx_HAL_Driver/Src/stm32f1xx_hal_tim.o
                0x00000000080024aa                HAL_TIM_TriggerCallback
 .text.TIM_Base_SetConfig
                0x00000000080024bc       0xb0 ./Drivers/STM32F1xx_HAL_Driver/Src/stm32f1xx_hal_tim.o
                0x00000000080024bc                TIM_Base_SetConfig
 .text.TIM_TI1_ConfigInputStage
                0x000000000800256c       0x5c ./Drivers/STM32F1xx_HAL_Driver/Src/stm32f1xx_hal_tim.o
 .text.TIM_TI2_ConfigInputStage
                0x00000000080025c8       0x5e ./Drivers/STM32F1xx_HAL_Driver/Src/stm32f1xx_hal_tim.o
 .text.TIM_ITRx_SetConfig
                0x0000000008002626       0x34 ./Drivers/STM32F1xx_HAL_Driver/Src/stm32f1xx_hal_tim.o
 .text.TIM_ETR_SetConfig
                0x000000000800265a       0x3e ./Drivers/STM32F1xx_HAL_Driver/Src/stm32f1xx_hal_tim.o
                0x000000000800265a                TIM_ETR_SetConfig
 .text.HAL_TIMEx_MasterConfigSynchronization
                0x0000000008002698       0xb0 ./Drivers/STM32F1xx_HAL_Driver/Src/stm32f1xx_hal_tim_ex.o
                0x0000000008002698                HAL_TIMEx_MasterConfigSynchronization
 .text.HAL_TIMEx_CommutCallback
                0x0000000008002748       0x12 ./Drivers/STM32F1xx_HAL_Driver/Src/stm32f1xx_hal_tim_ex.o
                0x0000000008002748                HAL_TIMEx_CommutCallback
 .text.HAL_TIMEx_BreakCallback
                0x000000000800275a       0x12 ./Drivers/STM32F1xx_HAL_Driver/Src/stm32f1xx_hal_tim_ex.o
                0x000000000800275a                HAL_TIMEx_BreakCallback
 .text.__libc_init_array
                0x000000000800276c       0x48 c:/st/stm32cubeide_1.7.0/stm32cubeide/plugins/com.st.stm32cube.ide.mcu.externaltools.gnu-tools-for-stm32.9-2020-q2-update.win32_2.0.0.202105311346/tools/bin/../lib/gcc/arm-none-eabi/9.3.1/../../../../arm-none-eabi/lib/thumb/v7-m/nofp\libc_nano.a(lib_a-init.o)
                0x000000000800276c                __libc_init_array
 .text.memset   0x00000000080027b4       0x10 c:/st/stm32cubeide_1.7.0/stm32cubeide/plugins/com.st.stm32cube.ide.mcu.externaltools.gnu-tools-for-stm32.9-2020-q2-update.win32_2.0.0.202105311346/tools/bin/../lib/gcc/arm-none-eabi/9.3.1/../../../../arm-none-eabi/lib/thumb/v7-m/nofp\libc_nano.a(lib_a-memset.o)
                0x00000000080027b4                memset
 *(.glue_7)
 .glue_7        0x00000000080027c4        0x0 linker stubs
 *(.glue_7t)
 .glue_7t       0x00000000080027c4        0x0 linker stubs
 *(.eh_frame)
 .eh_frame      0x00000000080027c4        0x0 c:/st/stm32cubeide_1.7.0/stm32cubeide/plugins/com.st.stm32cube.ide.mcu.externaltools.gnu-tools-for-stm32.9-2020-q2-update.win32_2.0.0.202105311346/tools/bin/../lib/gcc/arm-none-eabi/9.3.1/thumb/v7-m/nofp/crtbegin.o
 *(.init)
 .init          0x00000000080027c4        0x4 c:/st/stm32cubeide_1.7.0/stm32cubeide/plugins/com.st.stm32cube.ide.mcu.externaltools.gnu-tools-for-stm32.9-2020-q2-update.win32_2.0.0.202105311346/tools/bin/../lib/gcc/arm-none-eabi/9.3.1/thumb/v7-m/nofp/crti.o
                0x00000000080027c4                _init
 .init          0x00000000080027c8        0x8 c:/st/stm32cubeide_1.7.0/stm32cubeide/plugins/com.st.stm32cube.ide.mcu.externaltools.gnu-tools-for-stm32.9-2020-q2-update.win32_2.0.0.202105311346/tools/bin/../lib/gcc/arm-none-eabi/9.3.1/thumb/v7-m/nofp/crtn.o
 *(.fini)
 .fini          0x00000000080027d0        0x4 c:/st/stm32cubeide_1.7.0/stm32cubeide/plugins/com.st.stm32cube.ide.mcu.externaltools.gnu-tools-for-stm32.9-2020-q2-update.win32_2.0.0.202105311346/tools/bin/../lib/gcc/arm-none-eabi/9.3.1/thumb/v7-m/nofp/crti.o
                0x00000000080027d0                _fini
 .fini          0x00000000080027d4        0x8 c:/st/stm32cubeide_1.7.0/stm32cubeide/plugins/com.st.stm32cube.ide.mcu.externaltools.gnu-tools-for-stm32.9-2020-q2-update.win32_2.0.0.202105311346/tools/bin/../lib/gcc/arm-none-eabi/9.3.1/thumb/v7-m/nofp/crtn.o
                0x00000000080027dc                . = ALIGN (0x4)
                0x00000000080027dc                _etext = .

.vfp11_veneer   0x00000000080027dc        0x0
 .vfp11_veneer  0x00000000080027dc        0x0 linker stubs

.v4_bx          0x00000000080027dc        0x0
 .v4_bx         0x00000000080027dc        0x0 linker stubs

.iplt           0x00000000080027dc        0x0
 .iplt          0x00000000080027dc        0x0 c:/st/stm32cubeide_1.7.0/stm32cubeide/plugins/com.st.stm32cube.ide.mcu.externaltools.gnu-tools-for-stm32.9-2020-q2-update.win32_2.0.0.202105311346/tools/bin/../lib/gcc/arm-none-eabi/9.3.1/thumb/v7-m/nofp/crtbegin.o

.rodata         0x00000000080027dc       0x20
                0x00000000080027dc                . = ALIGN (0x4)
 *(.rodata)
 .rodata        0x00000000080027dc       0x10 ./Drivers/STM32F1xx_HAL_Driver/Src/stm32f1xx_hal_rcc.o
 *(.rodata*)
 .rodata.AHBPrescTable
                0x00000000080027ec       0x10 ./Core/Src/system_stm32f1xx.o
                0x00000000080027ec                AHBPrescTable
                0x00000000080027fc                . = ALIGN (0x4)

.rel.dyn        0x00000000080027fc        0x0
 .rel.iplt      0x00000000080027fc        0x0 c:/st/stm32cubeide_1.7.0/stm32cubeide/plugins/com.st.stm32cube.ide.mcu.externaltools.gnu-tools-for-stm32.9-2020-q2-update.win32_2.0.0.202105311346/tools/bin/../lib/gcc/arm-none-eabi/9.3.1/thumb/v7-m/nofp/crtbegin.o

.ARM.extab      0x00000000080027fc        0x0
                0x00000000080027fc                . = ALIGN (0x4)
 *(.ARM.extab* .gnu.linkonce.armextab.*)
                0x00000000080027fc                . = ALIGN (0x4)

.ARM            0x00000000080027fc        0x0
                0x00000000080027fc                . = ALIGN (0x4)
                0x00000000080027fc                __exidx_start = .
 *(.ARM.exidx*)
                0x00000000080027fc                __exidx_end = .
                0x00000000080027fc                . = ALIGN (0x4)

.preinit_array  0x00000000080027fc        0x0
                0x00000000080027fc                . = ALIGN (0x4)
                0x00000000080027fc                PROVIDE (__preinit_array_start = .)
 *(.preinit_array*)
                0x00000000080027fc                PROVIDE (__preinit_array_end = .)
                0x00000000080027fc                . = ALIGN (0x4)

.init_array     0x00000000080027fc        0x4
                0x00000000080027fc                . = ALIGN (0x4)
                0x00000000080027fc                PROVIDE (__init_array_start = .)
 *(SORT_BY_NAME(.init_array.*))
 *(.init_array*)
 .init_array    0x00000000080027fc        0x4 c:/st/stm32cubeide_1.7.0/stm32cubeide/plugins/com.st.stm32cube.ide.mcu.externaltools.gnu-tools-for-stm32.9-2020-q2-update.win32_2.0.0.202105311346/tools/bin/../lib/gcc/arm-none-eabi/9.3.1/thumb/v7-m/nofp/crtbegin.o
                0x0000000008002800                PROVIDE (__init_array_end = .)
                0x0000000008002800                . = ALIGN (0x4)

.fini_array     0x0000000008002800        0x4
                0x0000000008002800                . = ALIGN (0x4)
                [!provide]                        PROVIDE (__fini_array_start = .)
 *(SORT_BY_NAME(.fini_array.*))
 *(.fini_array*)
 .fini_array    0x0000000008002800        0x4 c:/st/stm32cubeide_1.7.0/stm32cubeide/plugins/com.st.stm32cube.ide.mcu.externaltools.gnu-tools-for-stm32.9-2020-q2-update.win32_2.0.0.202105311346/tools/bin/../lib/gcc/arm-none-eabi/9.3.1/thumb/v7-m/nofp/crtbegin.o
                [!provide]                        PROVIDE (__fini_array_end = .)
                0x0000000008002804                . = ALIGN (0x4)
                0x0000000008002804                _sidata = LOADADDR (.data)

.data           0x0000000020000000       0x54 load address 0x0000000008002804
                0x0000000020000000                . = ALIGN (0x4)
                0x0000000020000000                _sdata = .
 *(.data)
 *(.data*)
 .data.KeyResetReg0
                0x0000000020000000        0x4 ./Core/Src/button.o
                0x0000000020000000                KeyResetReg0
 .data.KeyResetReg1
                0x0000000020000004        0x4 ./Core/Src/button.o
                0x0000000020000004                KeyResetReg1
 .data.KeyResetReg2
                0x0000000020000008        0x4 ./Core/Src/button.o
                0x0000000020000008                KeyResetReg2
 .data.KeyResetReg3
                0x000000002000000c        0x4 ./Core/Src/button.o
                0x000000002000000c                KeyResetReg3
 .data.TimerForKeyResetPress
                0x0000000020000010        0x4 ./Core/Src/button.o
                0x0000000020000010                TimerForKeyResetPress
 .data.KeyIncReg0
                0x0000000020000014        0x4 ./Core/Src/button.o
                0x0000000020000014                KeyIncReg0
 .data.KeyIncReg1
                0x0000000020000018        0x4 ./Core/Src/button.o
                0x0000000020000018                KeyIncReg1
 .data.KeyIncReg2
                0x000000002000001c        0x4 ./Core/Src/button.o
                0x000000002000001c                KeyIncReg2
 .data.KeyIncReg3
                0x0000000020000020        0x4 ./Core/Src/button.o
                0x0000000020000020                KeyIncReg3
 .data.TimerForKeyIncPress3
                0x0000000020000024        0x4 ./Core/Src/button.o
                0x0000000020000024                TimerForKeyIncPress3
 .data.TimerForKeyIncPress1
                0x0000000020000028        0x4 ./Core/Src/button.o
                0x0000000020000028                TimerForKeyIncPress1
 .data.KeyDecReg0
                0x000000002000002c        0x4 ./Core/Src/button.o
                0x000000002000002c                KeyDecReg0
 .data.KeyDecReg1
                0x0000000020000030        0x4 ./Core/Src/button.o
                0x0000000020000030                KeyDecReg1
 .data.KeyDecReg2
                0x0000000020000034        0x4 ./Core/Src/button.o
                0x0000000020000034                KeyDecReg2
 .data.KeyDecReg3
                0x0000000020000038        0x4 ./Core/Src/button.o
                0x0000000020000038                KeyDecReg3
 .data.TimerForKeyDecPress3
                0x000000002000003c        0x4 ./Core/Src/button.o
                0x000000002000003c                TimerForKeyDecPress3
 .data.TimerForKeyDecPress1
                0x0000000020000040        0x4 ./Core/Src/button.o
                0x0000000020000040                TimerForKeyDecPress1
 .data.TIMER_CYCLE
                0x0000000020000044        0x4 ./Core/Src/software_timer.o
                0x0000000020000044                TIMER_CYCLE
 .data.SystemCoreClock
                0x0000000020000048        0x4 ./Core/Src/system_stm32f1xx.o
                0x0000000020000048                SystemCoreClock
 .data.uwTickPrio
                0x000000002000004c        0x4 ./Drivers/STM32F1xx_HAL_Driver/Src/stm32f1xx_hal.o
                0x000000002000004c                uwTickPrio
 .data.uwTickFreq
                0x0000000020000050        0x1 ./Drivers/STM32F1xx_HAL_Driver/Src/stm32f1xx_hal.o
                0x0000000020000050                uwTickFreq
 *(.RamFunc)
 *(.RamFunc*)
                0x0000000020000054                . = ALIGN (0x4)
 *fill*         0x0000000020000051        0x3 
                0x0000000020000054                _edata = .

.igot.plt       0x0000000020000054        0x0 load address 0x0000000008002858
 .igot.plt      0x0000000020000054        0x0 c:/st/stm32cubeide_1.7.0/stm32cubeide/plugins/com.st.stm32cube.ide.mcu.externaltools.gnu-tools-for-stm32.9-2020-q2-update.win32_2.0.0.202105311346/tools/bin/../lib/gcc/arm-none-eabi/9.3.1/thumb/v7-m/nofp/crtbegin.o
                0x0000000020000054                . = ALIGN (0x4)

.bss            0x0000000020000054       0xa0 load address 0x0000000008002858
                0x0000000020000054                _sbss = .
                0x0000000020000054                __bss_start__ = _sbss
 *(.bss)
 .bss           0x0000000020000054       0x1c c:/st/stm32cubeide_1.7.0/stm32cubeide/plugins/com.st.stm32cube.ide.mcu.externaltools.gnu-tools-for-stm32.9-2020-q2-update.win32_2.0.0.202105311346/tools/bin/../lib/gcc/arm-none-eabi/9.3.1/thumb/v7-m/nofp/crtbegin.o
 *(.bss*)
 .bss.ButtonResetNormal_flag
                0x0000000020000070        0x4 ./Core/Src/button.o
                0x0000000020000070                ButtonResetNormal_flag
 .bss.ButtonIncNormal_flag
                0x0000000020000074        0x4 ./Core/Src/button.o
                0x0000000020000074                ButtonIncNormal_flag
 .bss.ButtonIncLong3_flag
                0x0000000020000078        0x4 ./Core/Src/button.o
                0x0000000020000078                ButtonIncLong3_flag
 .bss.ButtonIncLong1_flag
                0x000000002000007c        0x4 ./Core/Src/button.o
                0x000000002000007c                ButtonIncLong1_flag
 .bss.ButtonDecNormal_flag
                0x0000000020000080        0x4 ./Core/Src/button.o
                0x0000000020000080                ButtonDecNormal_flag
 .bss.ButtonDecLong3_flag
                0x0000000020000084        0x4 ./Core/Src/button.o
                0x0000000020000084                ButtonDecLong3_flag
 .bss.ButtonDecLong1_flag
                0x0000000020000088        0x4 ./Core/Src/button.o
                0x0000000020000088                ButtonDecLong1_flag
 .bss.status    0x000000002000008c        0x4 ./Core/Src/global.o
                0x000000002000008c                status
 .bss.counter   0x0000000020000090        0x4 ./Core/Src/global.o
                0x0000000020000090                counter
 .bss.signal    0x0000000020000094        0x4 ./Core/Src/global.o
                0x0000000020000094                signal
 .bss.timer1_flag
                0x0000000020000098        0x4 ./Core/Src/software_timer.o
                0x0000000020000098                timer1_flag
 .bss.timer1_counter
                0x000000002000009c        0x4 ./Core/Src/software_timer.o
                0x000000002000009c                timer1_counter
 .bss.timer2_flag
                0x00000000200000a0        0x4 ./Core/Src/software_timer.o
                0x00000000200000a0                timer2_flag
 .bss.timer2_counter
                0x00000000200000a4        0x4 ./Core/Src/software_timer.o
                0x00000000200000a4                timer2_counter
 *(COMMON)
 COMMON         0x00000000200000a8       0x48 ./Core/Src/main.o
                0x00000000200000a8                htim2
 COMMON         0x00000000200000f0        0x4 ./Drivers/STM32F1xx_HAL_Driver/Src/stm32f1xx_hal.o
                0x00000000200000f0                uwTick
                0x00000000200000f4                . = ALIGN (0x4)
                0x00000000200000f4                _ebss = .
                0x00000000200000f4                __bss_end__ = _ebss

._user_heap_stack
                0x00000000200000f4      0x604 load address 0x0000000008002858
                0x00000000200000f8                . = ALIGN (0x8)
 *fill*         0x00000000200000f4        0x4 
                [!provide]                        PROVIDE (end = .)
                0x00000000200000f8                PROVIDE (_end = .)
                0x00000000200002f8                . = (. + _Min_Heap_Size)
 *fill*         0x00000000200000f8      0x200 
                0x00000000200006f8                . = (. + _Min_Stack_Size)
 *fill*         0x00000000200002f8      0x400 
                0x00000000200006f8                . = ALIGN (0x8)

/DISCARD/
 libc.a(*)
 libm.a(*)
 libgcc.a(*)

.ARM.attributes
                0x0000000000000000       0x29
 *(.ARM.attributes)
 .ARM.attributes
                0x0000000000000000       0x1d c:/st/stm32cubeide_1.7.0/stm32cubeide/plugins/com.st.stm32cube.ide.mcu.externaltools.gnu-tools-for-stm32.9-2020-q2-update.win32_2.0.0.202105311346/tools/bin/../lib/gcc/arm-none-eabi/9.3.1/thumb/v7-m/nofp/crti.o
 .ARM.attributes
                0x000000000000001d       0x2d c:/st/stm32cubeide_1.7.0/stm32cubeide/plugins/com.st.stm32cube.ide.mcu.externaltools.gnu-tools-for-stm32.9-2020-q2-update.win32_2.0.0.202105311346/tools/bin/../lib/gcc/arm-none-eabi/9.3.1/thumb/v7-m/nofp/crtbegin.o
 .ARM.attributes
                0x000000000000004a       0x2d ./Core/Src/blinky_led.o
 .ARM.attributes
                0x0000000000000077       0x2d ./Core/Src/button.o
 .ARM.attributes
                0x00000000000000a4       0x2d ./Core/Src/display7seg.o
 .ARM.attributes
                0x00000000000000d1       0x2d ./Core/Src/fsm_step1.o
 .ARM.attributes
                0x00000000000000fe       0x2d ./Core/Src/fsm_step2.o
 .ARM.attributes
                0x000000000000012b       0x33 ./Core/Src/global.o
 .ARM.attributes
                0x000000000000015e       0x2d ./Core/Src/main.o
 .ARM.attributes
                0x000000000000018b       0x2d ./Core/Src/software_timer.o
 .ARM.attributes
                0x00000000000001b8       0x2d ./Core/Src/stm32f1xx_hal_msp.o
 .ARM.attributes
                0x00000000000001e5       0x2d ./Core/Src/stm32f1xx_it.o
 .ARM.attributes
                0x0000000000000212       0x2d ./Core/Src/system_stm32f1xx.o
 .ARM.attributes
                0x000000000000023f       0x21 ./Core/Startup/startup_stm32f103c6ux.o
 .ARM.attributes
                0x0000000000000260       0x2d ./Drivers/STM32F1xx_HAL_Driver/Src/stm32f1xx_hal.o
 .ARM.attributes
                0x000000000000028d       0x2d ./Drivers/STM32F1xx_HAL_Driver/Src/stm32f1xx_hal_cortex.o
 .ARM.attributes
                0x00000000000002ba       0x2d ./Drivers/STM32F1xx_HAL_Driver/Src/stm32f1xx_hal_gpio.o
 .ARM.attributes
                0x00000000000002e7       0x2d ./Drivers/STM32F1xx_HAL_Driver/Src/stm32f1xx_hal_rcc.o
 .ARM.attributes
                0x0000000000000314       0x2d ./Drivers/STM32F1xx_HAL_Driver/Src/stm32f1xx_hal_tim.o
 .ARM.attributes
                0x0000000000000341       0x2d ./Drivers/STM32F1xx_HAL_Driver/Src/stm32f1xx_hal_tim_ex.o
 .ARM.attributes
                0x000000000000036e       0x2d c:/st/stm32cubeide_1.7.0/stm32cubeide/plugins/com.st.stm32cube.ide.mcu.externaltools.gnu-tools-for-stm32.9-2020-q2-update.win32_2.0.0.202105311346/tools/bin/../lib/gcc/arm-none-eabi/9.3.1/../../../../arm-none-eabi/lib/thumb/v7-m/nofp\libc_nano.a(lib_a-init.o)
 .ARM.attributes
                0x000000000000039b       0x2d c:/st/stm32cubeide_1.7.0/stm32cubeide/plugins/com.st.stm32cube.ide.mcu.externaltools.gnu-tools-for-stm32.9-2020-q2-update.win32_2.0.0.202105311346/tools/bin/../lib/gcc/arm-none-eabi/9.3.1/../../../../arm-none-eabi/lib/thumb/v7-m/nofp\libc_nano.a(lib_a-memset.o)
 .ARM.attributes
                0x00000000000003c8       0x1d c:/st/stm32cubeide_1.7.0/stm32cubeide/plugins/com.st.stm32cube.ide.mcu.externaltools.gnu-tools-for-stm32.9-2020-q2-update.win32_2.0.0.202105311346/tools/bin/../lib/gcc/arm-none-eabi/9.3.1/thumb/v7-m/nofp/crtn.o
OUTPUT(Midterm.elf elf32-littlearm)
LOAD linker stubs
LOAD c:/st/stm32cubeide_1.7.0/stm32cubeide/plugins/com.st.stm32cube.ide.mcu.externaltools.gnu-tools-for-stm32.9-2020-q2-update.win32_2.0.0.202105311346/tools/bin/../lib/gcc/arm-none-eabi/9.3.1/../../../../arm-none-eabi/lib/thumb/v7-m/nofp\libc.a
LOAD c:/st/stm32cubeide_1.7.0/stm32cubeide/plugins/com.st.stm32cube.ide.mcu.externaltools.gnu-tools-for-stm32.9-2020-q2-update.win32_2.0.0.202105311346/tools/bin/../lib/gcc/arm-none-eabi/9.3.1/../../../../arm-none-eabi/lib/thumb/v7-m/nofp\libm.a
LOAD c:/st/stm32cubeide_1.7.0/stm32cubeide/plugins/com.st.stm32cube.ide.mcu.externaltools.gnu-tools-for-stm32.9-2020-q2-update.win32_2.0.0.202105311346/tools/bin/../lib/gcc/arm-none-eabi/9.3.1/thumb/v7-m/nofp\libgcc.a

.debug_info     0x0000000000000000     0x9298
 .debug_info    0x0000000000000000      0x27b ./Core/Src/blinky_led.o
 .debug_info    0x000000000000027b      0x52b ./Core/Src/button.o
 .debug_info    0x00000000000007a6      0x24f ./Core/Src/display7seg.o
 .debug_info    0x00000000000009f5      0x1ce ./Core/Src/fsm_step1.o
 .debug_info    0x0000000000000bc3      0x1ce ./Core/Src/fsm_step2.o
 .debug_info    0x0000000000000d91      0x1de ./Core/Src/global.o
 .debug_info    0x0000000000000f6f      0xbe9 ./Core/Src/main.o
 .debug_info    0x0000000000001b58       0xf5 ./Core/Src/software_timer.o
 .debug_info    0x0000000000001c4d      0xa04 ./Core/Src/stm32f1xx_hal_msp.o
 .debug_info    0x0000000000002651      0x7b4 ./Core/Src/stm32f1xx_it.o
 .debug_info    0x0000000000002e05      0x2be ./Core/Src/system_stm32f1xx.o
 .debug_info    0x00000000000030c3       0x22 ./Core/Startup/startup_stm32f103c6ux.o
 .debug_info    0x00000000000030e5      0x74c ./Drivers/STM32F1xx_HAL_Driver/Src/stm32f1xx_hal.o
 .debug_info    0x0000000000003831      0xbbe ./Drivers/STM32F1xx_HAL_Driver/Src/stm32f1xx_hal_cortex.o
 .debug_info    0x00000000000043ef      0x701 ./Drivers/STM32F1xx_HAL_Driver/Src/stm32f1xx_hal_gpio.o
 .debug_info    0x0000000000004af0      0x88e ./Drivers/STM32F1xx_HAL_Driver/Src/stm32f1xx_hal_rcc.o
 .debug_info    0x000000000000537e     0x2a45 ./Drivers/STM32F1xx_HAL_Driver/Src/stm32f1xx_hal_tim.o
 .debug_info    0x0000000000007dc3     0x14d5 ./Drivers/STM32F1xx_HAL_Driver/Src/stm32f1xx_hal_tim_ex.o

.debug_abbrev   0x0000000000000000     0x1add
 .debug_abbrev  0x0000000000000000       0xf6 ./Core/Src/blinky_led.o
 .debug_abbrev  0x00000000000000f6      0x13b ./Core/Src/button.o
 .debug_abbrev  0x0000000000000231      0x109 ./Core/Src/display7seg.o
 .debug_abbrev  0x000000000000033a       0xb6 ./Core/Src/fsm_step1.o
 .debug_abbrev  0x00000000000003f0       0xb6 ./Core/Src/fsm_step2.o
 .debug_abbrev  0x00000000000004a6       0xa9 ./Core/Src/global.o
 .debug_abbrev  0x000000000000054f      0x22c ./Core/Src/main.o
 .debug_abbrev  0x000000000000077b       0xb6 ./Core/Src/software_timer.o
 .debug_abbrev  0x0000000000000831      0x1b7 ./Core/Src/stm32f1xx_hal_msp.o
 .debug_abbrev  0x00000000000009e8      0x176 ./Core/Src/stm32f1xx_it.o
 .debug_abbrev  0x0000000000000b5e      0x14e ./Core/Src/system_stm32f1xx.o
 .debug_abbrev  0x0000000000000cac       0x12 ./Core/Startup/startup_stm32f103c6ux.o
 .debug_abbrev  0x0000000000000cbe      0x1ed ./Drivers/STM32F1xx_HAL_Driver/Src/stm32f1xx_hal.o
 .debug_abbrev  0x0000000000000eab      0x313 ./Drivers/STM32F1xx_HAL_Driver/Src/stm32f1xx_hal_cortex.o
 .debug_abbrev  0x00000000000011be      0x1e8 ./Drivers/STM32F1xx_HAL_Driver/Src/stm32f1xx_hal_gpio.o
 .debug_abbrev  0x00000000000013a6      0x273 ./Drivers/STM32F1xx_HAL_Driver/Src/stm32f1xx_hal_rcc.o
 .debug_abbrev  0x0000000000001619      0x25e ./Drivers/STM32F1xx_HAL_Driver/Src/stm32f1xx_hal_tim.o
 .debug_abbrev  0x0000000000001877      0x266 ./Drivers/STM32F1xx_HAL_Driver/Src/stm32f1xx_hal_tim_ex.o

.debug_aranges  0x0000000000000000      0xa98
 .debug_aranges
                0x0000000000000000       0x20 ./Core/Src/blinky_led.o
 .debug_aranges
                0x0000000000000020       0xa0 ./Core/Src/button.o
 .debug_aranges
                0x00000000000000c0       0x20 ./Core/Src/display7seg.o
 .debug_aranges
                0x00000000000000e0       0x20 ./Core/Src/fsm_step1.o
 .debug_aranges
                0x0000000000000100       0x20 ./Core/Src/fsm_step2.o
 .debug_aranges
                0x0000000000000120       0x18 ./Core/Src/global.o
 .debug_aranges
                0x0000000000000138       0x48 ./Core/Src/main.o
 .debug_aranges
                0x0000000000000180       0x30 ./Core/Src/software_timer.o
 .debug_aranges
                0x00000000000001b0       0x30 ./Core/Src/stm32f1xx_hal_msp.o
 .debug_aranges
                0x00000000000001e0       0x68 ./Core/Src/stm32f1xx_it.o
 .debug_aranges
                0x0000000000000248       0x28 ./Core/Src/system_stm32f1xx.o
 .debug_aranges
                0x0000000000000270       0x28 ./Core/Startup/startup_stm32f103c6ux.o
 .debug_aranges
                0x0000000000000298       0xe0 ./Drivers/STM32F1xx_HAL_Driver/Src/stm32f1xx_hal.o
 .debug_aranges
                0x0000000000000378      0x100 ./Drivers/STM32F1xx_HAL_Driver/Src/stm32f1xx_hal_cortex.o
 .debug_aranges
                0x0000000000000478       0x58 ./Drivers/STM32F1xx_HAL_Driver/Src/stm32f1xx_hal_gpio.o
 .debug_aranges
                0x00000000000004d0       0x90 ./Drivers/STM32F1xx_HAL_Driver/Src/stm32f1xx_hal_rcc.o
 .debug_aranges
                0x0000000000000560      0x3d0 ./Drivers/STM32F1xx_HAL_Driver/Src/stm32f1xx_hal_tim.o
 .debug_aranges
                0x0000000000000930      0x168 ./Drivers/STM32F1xx_HAL_Driver/Src/stm32f1xx_hal_tim_ex.o

.debug_ranges   0x0000000000000000      0x978
 .debug_ranges  0x0000000000000000       0x10 ./Core/Src/blinky_led.o
 .debug_ranges  0x0000000000000010       0x90 ./Core/Src/button.o
 .debug_ranges  0x00000000000000a0       0x10 ./Core/Src/display7seg.o
 .debug_ranges  0x00000000000000b0       0x10 ./Core/Src/fsm_step1.o
 .debug_ranges  0x00000000000000c0       0x10 ./Core/Src/fsm_step2.o
 .debug_ranges  0x00000000000000d0       0x38 ./Core/Src/main.o
 .debug_ranges  0x0000000000000108       0x20 ./Core/Src/software_timer.o
 .debug_ranges  0x0000000000000128       0x20 ./Core/Src/stm32f1xx_hal_msp.o
 .debug_ranges  0x0000000000000148       0x58 ./Core/Src/stm32f1xx_it.o
 .debug_ranges  0x00000000000001a0       0x18 ./Core/Src/system_stm32f1xx.o
 .debug_ranges  0x00000000000001b8       0x20 ./Core/Startup/startup_stm32f103c6ux.o
 .debug_ranges  0x00000000000001d8       0xd0 ./Drivers/STM32F1xx_HAL_Driver/Src/stm32f1xx_hal.o
 .debug_ranges  0x00000000000002a8       0xf0 ./Drivers/STM32F1xx_HAL_Driver/Src/stm32f1xx_hal_cortex.o
 .debug_ranges  0x0000000000000398       0x48 ./Drivers/STM32F1xx_HAL_Driver/Src/stm32f1xx_hal_gpio.o
 .debug_ranges  0x00000000000003e0       0x80 ./Drivers/STM32F1xx_HAL_Driver/Src/stm32f1xx_hal_rcc.o
 .debug_ranges  0x0000000000000460      0x3c0 ./Drivers/STM32F1xx_HAL_Driver/Src/stm32f1xx_hal_tim.o
 .debug_ranges  0x0000000000000820      0x158 ./Drivers/STM32F1xx_HAL_Driver/Src/stm32f1xx_hal_tim_ex.o

.debug_macro    0x0000000000000000    0x16de8
 .debug_macro   0x0000000000000000      0x1e7 ./Core/Src/blinky_led.o
 .debug_macro   0x00000000000001e7      0xa9c ./Core/Src/blinky_led.o
 .debug_macro   0x0000000000000c83      0x215 ./Core/Src/blinky_led.o
 .debug_macro   0x0000000000000e98       0x2e ./Core/Src/blinky_led.o
 .debug_macro   0x0000000000000ec6       0x22 ./Core/Src/blinky_led.o
 .debug_macro   0x0000000000000ee8       0x22 ./Core/Src/blinky_led.o
 .debug_macro   0x0000000000000f0a       0x8e ./Core/Src/blinky_led.o
 .debug_macro   0x0000000000000f98       0x51 ./Core/Src/blinky_led.o
 .debug_macro   0x0000000000000fe9      0x103 ./Core/Src/blinky_led.o
 .debug_macro   0x00000000000010ec       0x6a ./Core/Src/blinky_led.o
 .debug_macro   0x0000000000001156      0x1df ./Core/Src/blinky_led.o
 .debug_macro   0x0000000000001335       0x1c ./Core/Src/blinky_led.o
 .debug_macro   0x0000000000001351       0x22 ./Core/Src/blinky_led.o
 .debug_macro   0x0000000000001373       0xc3 ./Core/Src/blinky_led.o
 .debug_macro   0x0000000000001436      0xd23 ./Core/Src/blinky_led.o
 .debug_macro   0x0000000000002159     0xde75 ./Core/Src/blinky_led.o
 .debug_macro   0x000000000000ffce       0x6d ./Core/Src/blinky_led.o
 .debug_macro   0x000000000001003b     0x3468 ./Core/Src/blinky_led.o
 .debug_macro   0x00000000000134a3      0x174 ./Core/Src/blinky_led.o
 .debug_macro   0x0000000000013617       0x5c ./Core/Src/blinky_led.o
 .debug_macro   0x0000000000013673      0x5be ./Core/Src/blinky_led.o
 .debug_macro   0x0000000000013c31      0x1b7 ./Core/Src/blinky_led.o
 .debug_macro   0x0000000000013de8      0x1cb ./Core/Src/blinky_led.o
 .debug_macro   0x0000000000013fb3      0x114 ./Core/Src/blinky_led.o
 .debug_macro   0x00000000000140c7      0x1b2 ./Core/Src/blinky_led.o
 .debug_macro   0x0000000000014279       0x27 ./Core/Src/blinky_led.o
 .debug_macro   0x00000000000142a0      0x12f ./Core/Src/blinky_led.o
 .debug_macro   0x00000000000143cf      0x1bc ./Core/Src/blinky_led.o
 .debug_macro   0x000000000001458b       0x34 ./Core/Src/blinky_led.o
 .debug_macro   0x00000000000145bf       0x3c ./Core/Src/blinky_led.o
 .debug_macro   0x00000000000145fb       0x57 ./Core/Src/blinky_led.o
 .debug_macro   0x0000000000014652       0x88 ./Core/Src/blinky_led.o
 .debug_macro   0x00000000000146da      0x183 ./Core/Src/blinky_led.o
 .debug_macro   0x000000000001485d      0x141 ./Core/Src/blinky_led.o
 .debug_macro   0x000000000001499e      0x8d1 ./Core/Src/blinky_led.o
 .debug_macro   0x000000000001526f       0x69 ./Core/Src/blinky_led.o
 .debug_macro   0x00000000000152d8       0x88 ./Core/Src/blinky_led.o
 .debug_macro   0x0000000000015360       0x10 ./Core/Src/blinky_led.o
 .debug_macro   0x0000000000015370       0x2e ./Core/Src/blinky_led.o
 .debug_macro   0x000000000001539e      0x1b6 ./Core/Src/button.o
 .debug_macro   0x0000000000015554      0x1b1 ./Core/Src/display7seg.o
 .debug_macro   0x0000000000015705      0x1e3 ./Core/Src/fsm_step1.o
 .debug_macro   0x00000000000158e8      0x1e3 ./Core/Src/fsm_step2.o
 .debug_macro   0x0000000000015acb      0x1d9 ./Core/Src/global.o
 .debug_macro   0x0000000000015ca4      0x207 ./Core/Src/main.o
 .debug_macro   0x0000000000015eab       0x1b ./Core/Src/software_timer.o
 .debug_macro   0x0000000000015ec6      0x1a7 ./Core/Src/stm32f1xx_hal_msp.o
 .debug_macro   0x000000000001606d      0x1b1 ./Core/Src/stm32f1xx_it.o
 .debug_macro   0x000000000001621e      0x198 ./Core/Src/system_stm32f1xx.o
 .debug_macro   0x00000000000163b6      0x1bc ./Drivers/STM32F1xx_HAL_Driver/Src/stm32f1xx_hal.o
 .debug_macro   0x0000000000016572      0x198 ./Drivers/STM32F1xx_HAL_Driver/Src/stm32f1xx_hal_cortex.o
 .debug_macro   0x000000000001670a      0x203 ./Drivers/STM32F1xx_HAL_Driver/Src/stm32f1xx_hal_gpio.o
 .debug_macro   0x000000000001690d      0x1aa ./Drivers/STM32F1xx_HAL_Driver/Src/stm32f1xx_hal_rcc.o
 .debug_macro   0x0000000000016ab7      0x199 ./Drivers/STM32F1xx_HAL_Driver/Src/stm32f1xx_hal_tim.o
 .debug_macro   0x0000000000016c50      0x198 ./Drivers/STM32F1xx_HAL_Driver/Src/stm32f1xx_hal_tim_ex.o

.debug_line     0x0000000000000000     0xc07b
 .debug_line    0x0000000000000000      0x6d4 ./Core/Src/blinky_led.o
 .debug_line    0x00000000000006d4      0x93b ./Core/Src/button.o
 .debug_line    0x000000000000100f      0x6e1 ./Core/Src/display7seg.o
 .debug_line    0x00000000000016f0      0x861 ./Core/Src/fsm_step1.o
 .debug_line    0x0000000000001f51      0x760 ./Core/Src/fsm_step2.o
 .debug_line    0x00000000000026b1      0x67e ./Core/Src/global.o
 .debug_line    0x0000000000002d2f      0x800 ./Core/Src/main.o
 .debug_line    0x000000000000352f       0xd7 ./Core/Src/software_timer.o
 .debug_line    0x0000000000003606      0x6a1 ./Core/Src/stm32f1xx_hal_msp.o
 .debug_line    0x0000000000003ca7      0x73f ./Core/Src/stm32f1xx_it.o
 .debug_line    0x00000000000043e6      0x6e3 ./Core/Src/system_stm32f1xx.o
 .debug_line    0x0000000000004ac9       0x87 ./Core/Startup/startup_stm32f103c6ux.o
 .debug_line    0x0000000000004b50      0x910 ./Drivers/STM32F1xx_HAL_Driver/Src/stm32f1xx_hal.o
 .debug_line    0x0000000000005460      0xaf8 ./Drivers/STM32F1xx_HAL_Driver/Src/stm32f1xx_hal_cortex.o
 .debug_line    0x0000000000005f58      0x991 ./Drivers/STM32F1xx_HAL_Driver/Src/stm32f1xx_hal_gpio.o
 .debug_line    0x00000000000068e9      0xd1e ./Drivers/STM32F1xx_HAL_Driver/Src/stm32f1xx_hal_rcc.o
 .debug_line    0x0000000000007607     0x326e ./Drivers/STM32F1xx_HAL_Driver/Src/stm32f1xx_hal_tim.o
 .debug_line    0x000000000000a875     0x1806 ./Drivers/STM32F1xx_HAL_Driver/Src/stm32f1xx_hal_tim_ex.o

.debug_str      0x0000000000000000    0x821f1
 .debug_str     0x0000000000000000    0x7f4a1 ./Core/Src/blinky_led.o
                                      0x7f803 (size before relaxing)
 .debug_str     0x000000000007f4a1      0x317 ./Core/Src/button.o
                                      0x7fa2a (size before relaxing)
 .debug_str     0x000000000007f7b8       0x26 ./Core/Src/display7seg.o
                                      0x7f707 (size before relaxing)
 .debug_str     0x000000000007f7de       0x38 ./Core/Src/fsm_step1.o
                                      0x7f7b9 (size before relaxing)
 .debug_str     0x000000000007f816       0x38 ./Core/Src/fsm_step2.o
                                      0x7f7b9 (size before relaxing)
 .debug_str     0x000000000007f84e       0x15 ./Core/Src/global.o
                                      0x7f796 (size before relaxing)
 .debug_str     0x000000000007f863      0x6df ./Core/Src/main.o
                                      0x7ff8e (size before relaxing)
 .debug_str     0x000000000007ff42       0x6d ./Core/Src/software_timer.o
                                       0x2e19 (size before relaxing)
 .debug_str     0x000000000007ffaf      0x2ba ./Core/Src/stm32f1xx_hal_msp.o
                                      0x7feab (size before relaxing)
 .debug_str     0x0000000000080269       0xcd ./Core/Src/stm32f1xx_it.o
                                      0x7fc0d (size before relaxing)
 .debug_str     0x0000000000080336       0x52 ./Core/Src/system_stm32f1xx.o
                                      0x7f525 (size before relaxing)
 .debug_str     0x0000000000080388       0x36 ./Core/Startup/startup_stm32f103c6ux.o
                                         0x90 (size before relaxing)
 .debug_str     0x00000000000803be      0x304 ./Drivers/STM32F1xx_HAL_Driver/Src/stm32f1xx_hal.o
                                      0x7fb7c (size before relaxing)
 .debug_str     0x00000000000806c2      0x300 ./Drivers/STM32F1xx_HAL_Driver/Src/stm32f1xx_hal_cortex.o
                                      0x7fb84 (size before relaxing)
 .debug_str     0x00000000000809c2      0x324 ./Drivers/STM32F1xx_HAL_Driver/Src/stm32f1xx_hal_gpio.o
                                      0x7f8e9 (size before relaxing)
 .debug_str     0x0000000000080ce6      0x24f ./Drivers/STM32F1xx_HAL_Driver/Src/stm32f1xx_hal_rcc.o
                                      0x7f922 (size before relaxing)
 .debug_str     0x0000000000080f35      0xdce ./Drivers/STM32F1xx_HAL_Driver/Src/stm32f1xx_hal_tim.o
                                      0x808f4 (size before relaxing)
 .debug_str     0x0000000000081d03      0x4ee ./Drivers/STM32F1xx_HAL_Driver/Src/stm32f1xx_hal_tim_ex.o
                                      0x800a5 (size before relaxing)

.comment        0x0000000000000000       0x53
 .comment       0x0000000000000000       0x53 ./Core/Src/blinky_led.o
                                         0x54 (size before relaxing)
 .comment       0x0000000000000053       0x54 ./Core/Src/button.o
 .comment       0x0000000000000053       0x54 ./Core/Src/display7seg.o
 .comment       0x0000000000000053       0x54 ./Core/Src/fsm_step1.o
 .comment       0x0000000000000053       0x54 ./Core/Src/fsm_step2.o
 .comment       0x0000000000000053       0x54 ./Core/Src/global.o
 .comment       0x0000000000000053       0x54 ./Core/Src/main.o
 .comment       0x0000000000000053       0x54 ./Core/Src/software_timer.o
 .comment       0x0000000000000053       0x54 ./Core/Src/stm32f1xx_hal_msp.o
 .comment       0x0000000000000053       0x54 ./Core/Src/stm32f1xx_it.o
 .comment       0x0000000000000053       0x54 ./Core/Src/system_stm32f1xx.o
 .comment       0x0000000000000053       0x54 ./Drivers/STM32F1xx_HAL_Driver/Src/stm32f1xx_hal.o
 .comment       0x0000000000000053       0x54 ./Drivers/STM32F1xx_HAL_Driver/Src/stm32f1xx_hal_cortex.o
 .comment       0x0000000000000053       0x54 ./Drivers/STM32F1xx_HAL_Driver/Src/stm32f1xx_hal_gpio.o
 .comment       0x0000000000000053       0x54 ./Drivers/STM32F1xx_HAL_Driver/Src/stm32f1xx_hal_rcc.o
 .comment       0x0000000000000053       0x54 ./Drivers/STM32F1xx_HAL_Driver/Src/stm32f1xx_hal_tim.o
 .comment       0x0000000000000053       0x54 ./Drivers/STM32F1xx_HAL_Driver/Src/stm32f1xx_hal_tim_ex.o

.debug_frame    0x0000000000000000     0x292c
 .debug_frame   0x0000000000000000       0x2c ./Core/Src/blinky_led.o
 .debug_frame   0x000000000000002c      0x224 ./Core/Src/button.o
 .debug_frame   0x0000000000000250       0x38 ./Core/Src/display7seg.o
 .debug_frame   0x0000000000000288       0x2c ./Core/Src/fsm_step1.o
 .debug_frame   0x00000000000002b4       0x2c ./Core/Src/fsm_step2.o
 .debug_frame   0x00000000000002e0       0xd4 ./Core/Src/main.o
 .debug_frame   0x00000000000003b4       0x80 ./Core/Src/software_timer.o
 .debug_frame   0x0000000000000434       0x80 ./Core/Src/stm32f1xx_hal_msp.o
 .debug_frame   0x00000000000004b4      0x120 ./Core/Src/stm32f1xx_it.o
 .debug_frame   0x00000000000005d4       0x58 ./Core/Src/system_stm32f1xx.o
 .debug_frame   0x000000000000062c      0x334 ./Drivers/STM32F1xx_HAL_Driver/Src/stm32f1xx_hal.o
 .debug_frame   0x0000000000000960      0x428 ./Drivers/STM32F1xx_HAL_Driver/Src/stm32f1xx_hal_cortex.o
 .debug_frame   0x0000000000000d88      0x14c ./Drivers/STM32F1xx_HAL_Driver/Src/stm32f1xx_hal_gpio.o
 .debug_frame   0x0000000000000ed4      0x21c ./Drivers/STM32F1xx_HAL_Driver/Src/stm32f1xx_hal_rcc.o
 .debug_frame   0x00000000000010f0     0x11b8 ./Drivers/STM32F1xx_HAL_Driver/Src/stm32f1xx_hal_tim.o
 .debug_frame   0x00000000000022a8      0x638 ./Drivers/STM32F1xx_HAL_Driver/Src/stm32f1xx_hal_tim_ex.o
 .debug_frame   0x00000000000028e0       0x2c c:/st/stm32cubeide_1.7.0/stm32cubeide/plugins/com.st.stm32cube.ide.mcu.externaltools.gnu-tools-for-stm32.9-2020-q2-update.win32_2.0.0.202105311346/tools/bin/../lib/gcc/arm-none-eabi/9.3.1/../../../../arm-none-eabi/lib/thumb/v7-m/nofp\libc_nano.a(lib_a-init.o)
 .debug_frame   0x000000000000290c       0x20 c:/st/stm32cubeide_1.7.0/stm32cubeide/plugins/com.st.stm32cube.ide.mcu.externaltools.gnu-tools-for-stm32.9-2020-q2-update.win32_2.0.0.202105311346/tools/bin/../lib/gcc/arm-none-eabi/9.3.1/../../../../arm-none-eabi/lib/thumb/v7-m/nofp\libc_nano.a(lib_a-memset.o)
