button.c:11:5:isButtonResetPressedNormal	4	static
button.c:18:6:subKeyResetProcessNormal	4	static
button.c:29:6:getKeyResetInput	8	static
button.c:56:5:isButtonIncPressedNormal	4	static
button.c:63:6:subKeyIncProcessNormal	4	static
button.c:69:5:isButtonIncPressedLong3	4	static
button.c:76:6:subKeyIncProcesslong3	4	static
button.c:82:5:isButtonIncPressedLong1	4	static
button.c:89:6:subKeyIncProcessLong1	4	static
button.c:102:6:getKeyIncInput	8	static
button.c:141:5:isButtonDecPressedNormal	4	static
button.c:148:6:subKeyDecProcessNormal	4	static
button.c:154:5:isButtonDecPressedLong3	4	static
button.c:161:6:subKeyDecProcesslong3	4	static
button.c:167:5:isButtonDecPressedLong1	4	static
button.c:174:6:subKeyDecProcessLong1	4	static
button.c:186:6:getKeyDecInput	8	static
